D:\MCA\RK Project\Lost-Found\Views\Admin\Details.cshtml(29,14): error CS1973: 'IHtmlHelper<dynamic>' has no applicable method named 'TextArea' but appears to have an extension method by that name. Extension methods cannot be dynamically dispatched. Consider casting the dynamic arguments or calling the extension method without the extension method syntax. [D:\MCA\RK Project\Lost-Found\Lost&Found.csproj]
D:\MCA\RK Project\Lost-Found\Views\Admin\Details.cshtml(25,30): error CS1963: An expression tree may not contain a dynamic operation [D:\MCA\RK Project\Lost-Found\Lost&Found.csproj]

Build FAILED.
    5 Warning(s)
    2 Error(s)

Time Elapsed 00:00:02.21
