  Determining projects to restore...
  All projects are up-to-date for restore.
D:\MCA\RK Project\Lost-Found\Views\Admin\Details.cshtml(1,26): error CS0234: The type or namespace name 'Claim' does not exist in the namespace 'Lost_Found.Models' (are you missing an assembly reference?) [D:\MCA\RK Project\Lost-Found\Lost&Found.csproj]
D:\MCA\RK Project\Lost-Found\obj\Debug\net8.0\Microsoft.CodeAnalysis.Razor.Compiler\Microsoft.NET.Sdk.Razor.SourceGenerators.RazorSourceGenerator\Views\Admin\Details_cshtml.g.cs(239,89): error CS0234: The type or namespace name 'Claim' does not exist in the namespace 'Lost_Found.Models' (are you missing an assembly reference?) [D:\MCA\RK Project\Lost-Found\Lost&Found.csproj]

Build FAILED.

D:\MCA\RK Project\Lost-Found\Views\Admin\Details.cshtml(1,26): error CS0234: The type or namespace name 'Claim' does not exist in the namespace 'Lost_Found.Models' (are you missing an assembly reference?) [D:\MCA\RK Project\Lost-Found\Lost&Found.csproj]
D:\MCA\RK Project\Lost-Found\obj\Debug\net8.0\Microsoft.CodeAnalysis.Razor.Compiler\Microsoft.NET.Sdk.Razor.SourceGenerators.RazorSourceGenerator\Views\Admin\Details_cshtml.g.cs(239,89): error CS0234: The type or namespace name 'Claim' does not exist in the namespace 'Lost_Found.Models' (are you missing an assembly reference?) [D:\MCA\RK Project\Lost-Found\Lost&Found.csproj]
    0 Warning(s)
    2 Error(s)

Time Elapsed 00:00:04.20
